AR eppctrl behavioral //mac/home/Desktop/Study/COMP3601/comp3601/VHDL/epp/eppctrl.vhd sub00/vhpl01 1507857898
EN eppctrl NULL //mac/home/Desktop/Study/COMP3601/comp3601/VHDL/epp/eppctrl.vhd sub00/vhpl00 1507857897
EN dpimref NULL //mac/home/Desktop/Study/COMP3601/comp3601/VHDL/epp/eppctrl.vhd sub00/vhpl02 1507327148
AR dpimref behavioral //mac/home/Desktop/Study/COMP3601/comp3601/VHDL/epp/eppctrl.vhd sub00/vhpl03 1507327149
