V3 5
FL //mac/home/Desktop/Study/COMP3601/comp3601/VHDL/epp/eppctrl.vhd 2017/10/07.09:39:55 P.20131013
EN work/dpimref 1507327148 \
      FL //mac/home/Desktop/Study/COMP3601/comp3601/VHDL/epp/eppctrl.vhd \
      PB ieee/std_logic_1164 1381692176 PB ieee/std_logic_arith 1381692177 \
      PB ieee/STD_LOGIC_UNSIGNED 1381692179
EN work/eppctrl 1507329607 \
      FL //mac/home/Desktop/Study/COMP3601/comp3601/VHDL/epp/eppctrl.vhd \
      PB ieee/std_logic_1164 1381692176 PB ieee/std_logic_arith 1381692177 \
      PB ieee/STD_LOGIC_UNSIGNED 1381692179
AR work/eppctrl/Behavioral 1507329608 \
      FL //mac/home/Desktop/Study/COMP3601/comp3601/VHDL/epp/eppctrl.vhd \
      EN work/eppctrl 1507329607
