EN mux2to1_12b NULL //mac/home/Desktop/Study/COMP3601/comp3601/VHDL/musicplayer_v1.1/mux2to1_12b.vhd sub00/vhpl14 1507510677
AR register_12b behavioral //mac/home/Desktop/Study/COMP3601/comp3601/VHDL/musicplayer_v1.1/register_12b.vhd sub00/vhpl13 1507510676
EN register_12b NULL //mac/home/Desktop/Study/COMP3601/comp3601/VHDL/musicplayer_v1.1/register_12b.vhd sub00/vhpl12 1507510675
EN mux2to1_16b NULL //mac/home/Desktop/Study/COMP3601/comp3601/VHDL/musicplayer_v1.1/mux2to1_16b.vhd sub00/vhpl06 1507510669
AR sound_generator behavioral //mac/home/Desktop/Study/COMP3601/comp3601/VHDL/musicplayer_v1.1/sound_generator.vhd sub00/vhpl17 1507510680
AR note_timer behavioral //mac/home/Desktop/Study/COMP3601/comp3601/VHDL/musicplayer_v1.1/note_timer.vhd sub00/vhpl03 1507510666
EN register_16b NULL //mac/home/Desktop/Study/COMP3601/comp3601/VHDL/musicplayer_v1.1/register_16b.vhd sub00/vhpl04 1507510667
AR mux2to1_12b behavioral //mac/home/Desktop/Study/COMP3601/comp3601/VHDL/musicplayer_v1.1/mux2to1_12b.vhd sub00/vhpl15 1507510678
AR clock_divider behavioral //mac/home/Desktop/Study/COMP3601/comp3601/VHDL/musicplayer_v1.1/clock_divider.vhd sub00/vhpl01 1507510664
EN clock_divider NULL //mac/home/Desktop/Study/COMP3601/comp3601/VHDL/musicplayer_v1.1/clock_divider.vhd sub00/vhpl00 1507510663
AR register_16b behavioral //mac/home/Desktop/Study/COMP3601/comp3601/VHDL/musicplayer_v1.1/register_16b.vhd sub00/vhpl05 1507510668
AR adder_16b behavioural //mac/home/Desktop/Study/COMP3601/comp3601/VHDL/musicplayer_v1.1/adder_16b.vhd sub00/vhpl09 1507510672
EN musicplayer_top NULL //mac/home/Desktop/Study/COMP3601/comp3601/VHDL/musicplayer_v1.1/musicplayer_top.vhd sub00/vhpl18 1507510681
EN memory NULL //mac/home/Desktop/Study/COMP3601/comp3601/VHDL/musicplayer_v1.1/memory.vhd sub00/vhpl10 1507510673
AR mux2to1_16b behavioral //mac/home/Desktop/Study/COMP3601/comp3601/VHDL/musicplayer_v1.1/mux2to1_16b.vhd sub00/vhpl07 1507510670
AR memory behavioral //mac/home/Desktop/Study/COMP3601/comp3601/VHDL/musicplayer_v1.1/memory.vhd sub00/vhpl11 1507510674
EN sound_generator NULL //mac/home/Desktop/Study/COMP3601/comp3601/VHDL/musicplayer_v1.1/sound_generator.vhd sub00/vhpl16 1507510679
AR musicplayer_top behavioral //mac/home/Desktop/Study/COMP3601/comp3601/VHDL/musicplayer_v1.1/musicplayer_top.vhd sub00/vhpl19 1507510682
EN adder_16b NULL //mac/home/Desktop/Study/COMP3601/comp3601/VHDL/musicplayer_v1.1/adder_16b.vhd sub00/vhpl08 1507510671
EN note_timer NULL //mac/home/Desktop/Study/COMP3601/comp3601/VHDL/musicplayer_v1.1/note_timer.vhd sub00/vhpl02 1507510665
