EN trysense NULL //mac/home/Desktop/Study/COMP3601/comp3601/VHDL/musicplayer_v2/trySense.vhd sub00/vhpl24 1508306284
AR sensorcomponent behavioral //mac/home/Desktop/Study/COMP3601/comp3601/VHDL/musicplayer_v2/sensorComponent.vhd sub00/vhpl39 1508306303
EN mux2to1_12b NULL //mac/home/Desktop/Study/COMP3601/comp3601/VHDL/musicplayer_v2/mux2to1_12b.vhd sub00/vhpl14 1507460619
AR register_12b behavioral //mac/home/Desktop/Study/COMP3601/comp3601/VHDL/musicplayer_v2/register_12b.vhd sub00/vhpl13 1508306301
EN sevenseg2 NULL //mac/home/Desktop/Study/COMP3601/comp3601/VHDL/musicplayer_v2/sevenSeg2.vhd sub00/vhpl40 1508306304
EN adder_8b NULL //mac/home/Desktop/Study/COMP3601/comp3601/VHDL/musicplayer_v2/adder_8b.vhd sub00/vhpl34 1508306294
EN register_12b NULL //mac/home/Desktop/Study/COMP3601/comp3601/VHDL/musicplayer_v2/register_12b.vhd sub00/vhpl12 1508306300
AR swingmodule behavioral //mac/home/Desktop/Study/COMP3601/comp3601/VHDL/musicplayer_v2/swingCounter.vhd sub00/vhpl29 1508306289
AR eppctrl behavioral //mac/home/Desktop/Study/COMP3601/comp3601/VHDL/musicplayer_v2/eppctrl.vhd sub00/vhpl37 1508306297
AR mux2to1_8b behavioral //mac/home/Desktop/Study/COMP3601/comp3601/VHDL/musicplayer_v2/mux2to1_8b.vhd sub00/vhpl33 1508306293
EN mux2to1_16b NULL //mac/home/Desktop/Study/COMP3601/comp3601/VHDL/musicplayer_v2/mux2to1_16b.vhd sub00/vhpl06 1507460611
AR sound_generator behavioral //mac/home/Desktop/Study/COMP3601/comp3601/VHDL/musicplayer_v2/sound_generator.vhd sub00/vhpl17 1508306307
AR note_timer behavioral //mac/home/Desktop/Study/COMP3601/comp3601/VHDL/musicplayer_v2/note_timer.vhd sub00/vhpl03 1508306279
EN register_16b NULL //mac/home/Desktop/Study/COMP3601/comp3601/VHDL/musicplayer_v2/register_16b.vhd sub00/vhpl04 1507460609
AR adder_8b behavioural //mac/home/Desktop/Study/COMP3601/comp3601/VHDL/musicplayer_v2/adder_8b.vhd sub00/vhpl35 1508306295
AR mux2to1_12b behavioral //mac/home/Desktop/Study/COMP3601/comp3601/VHDL/musicplayer_v2/mux2to1_12b.vhd sub00/vhpl15 1507460620
AR trysense behavioral //mac/home/Desktop/Study/COMP3601/comp3601/VHDL/musicplayer_v2/trySense.vhd sub00/vhpl25 1508306285
AR clock_divider behavioral //mac/home/Desktop/Study/COMP3601/comp3601/VHDL/musicplayer_v2/clock_divider.vhd sub00/vhpl01 1508306277
AR timermod behavioral //mac/home/Desktop/Study/COMP3601/comp3601/VHDL/musicplayer_v2/timer.vhd sub00/vhpl27 1508306287
AR bin2bcd behavioral //mac/home/Desktop/Study/COMP3601/comp3601/VHDL/musicplayer_v2/bin2bcd.vhd sub00/vhpl23 1508306283
AR register_8b behavioral //mac/home/Desktop/Study/COMP3601/comp3601/VHDL/musicplayer_v2/register_8b.vhd sub00/vhpl31 1508306291
EN sensorcomponent NULL //mac/home/Desktop/Study/COMP3601/comp3601/VHDL/musicplayer_v2/sensorComponent.vhd sub00/vhpl38 1508306302
EN clock_divider NULL //mac/home/Desktop/Study/COMP3601/comp3601/VHDL/musicplayer_v2/clock_divider.vhd sub00/vhpl00 1508306276
AR register_16b behavioral //mac/home/Desktop/Study/COMP3601/comp3601/VHDL/musicplayer_v2/register_16b.vhd sub00/vhpl05 1507460610
AR adder_16b behavioural //mac/home/Desktop/Study/COMP3601/comp3601/VHDL/musicplayer_v2/adder_16b.vhd sub00/vhpl09 1507460614
EN bin2bcd NULL //mac/home/Desktop/Study/COMP3601/comp3601/VHDL/musicplayer_v2/bin2bcd.vhd sub00/vhpl22 1508306282
EN register_8b NULL //mac/home/Desktop/Study/COMP3601/comp3601/VHDL/musicplayer_v2/register_8b.vhd sub00/vhpl30 1508306290
EN musicplayer_top NULL //mac/home/Desktop/Study/COMP3601/comp3601/VHDL/musicplayer_v2/musicplayer_top.vhd sub00/vhpl18 1508306308
EN memory NULL //mac/home/Desktop/Study/COMP3601/comp3601/VHDL/musicplayer_v2/memory.vhd sub00/vhpl10 1508306298
AR mux2to1_16b behavioral //mac/home/Desktop/Study/COMP3601/comp3601/VHDL/musicplayer_v2/mux2to1_16b.vhd sub00/vhpl07 1507460612
AR sevensegment my_sseg //mac/home/Desktop/Study/COMP3601/comp3601/VHDL/musicplayer_v2/SevenSegment.vhd sub00/vhpl21 1508306281
AR memory behavioral //mac/home/Desktop/Study/COMP3601/comp3601/VHDL/musicplayer_v2/memory.vhd sub00/vhpl11 1508306299
EN sound_generator NULL //mac/home/Desktop/Study/COMP3601/comp3601/VHDL/musicplayer_v2/sound_generator.vhd sub00/vhpl16 1508306306
EN eppctrl NULL //mac/home/Desktop/Study/COMP3601/comp3601/VHDL/musicplayer_v2/eppctrl.vhd sub00/vhpl36 1508306296
EN mux2to1_8b NULL //mac/home/Desktop/Study/COMP3601/comp3601/VHDL/musicplayer_v2/mux2to1_8b.vhd sub00/vhpl32 1508306292
AR sevenseg2 behavioral //mac/home/Desktop/Study/COMP3601/comp3601/VHDL/musicplayer_v2/sevenSeg2.vhd sub00/vhpl41 1508306305
AR musicplayer_top behavioral //mac/home/Desktop/Study/COMP3601/comp3601/VHDL/musicplayer_v2/musicplayer_top.vhd sub00/vhpl19 1508306309
EN swingmodule NULL //mac/home/Desktop/Study/COMP3601/comp3601/VHDL/musicplayer_v2/swingCounter.vhd sub00/vhpl28 1508306288
EN sevensegment NULL //mac/home/Desktop/Study/COMP3601/comp3601/VHDL/musicplayer_v2/SevenSegment.vhd sub00/vhpl20 1508306280
EN timermod NULL //mac/home/Desktop/Study/COMP3601/comp3601/VHDL/musicplayer_v2/timer.vhd sub00/vhpl26 1508306286
EN adder_16b NULL //mac/home/Desktop/Study/COMP3601/comp3601/VHDL/musicplayer_v2/adder_16b.vhd sub00/vhpl08 1507460613
EN note_timer NULL //mac/home/Desktop/Study/COMP3601/comp3601/VHDL/musicplayer_v2/note_timer.vhd sub00/vhpl02 1508306278
