EN trysense NULL //mac/home/Desktop/Study/COMP3601/comp3601/VHDL/musicplayer_v2/trySense.vhd sub00/vhpl24 1508366958
AR sensorcomponent behavioral //mac/home/Desktop/Study/COMP3601/comp3601/VHDL/musicplayer_v2/sensorComponent.vhd sub00/vhpl39 1508366977
EN mux2to1_12b NULL //mac/home/Desktop/Study/COMP3601/comp3601/VHDL/musicplayer_v2/mux2to1_12b.vhd sub00/vhpl14 1507460619
AR register_12b behavioral //mac/home/Desktop/Study/COMP3601/comp3601/VHDL/musicplayer_v2/register_12b.vhd sub00/vhpl13 1508366975
EN sevenseg2 NULL //mac/home/Desktop/Study/COMP3601/comp3601/VHDL/musicplayer_v2/sevenSeg2.vhd sub00/vhpl40 1508366978
EN adder_8b NULL //mac/home/Desktop/Study/COMP3601/comp3601/VHDL/musicplayer_v2/adder_8b.vhd sub00/vhpl34 1508366968
EN register_12b NULL //mac/home/Desktop/Study/COMP3601/comp3601/VHDL/musicplayer_v2/register_12b.vhd sub00/vhpl12 1508366974
AR eppctrl behavioral //mac/home/Desktop/Study/COMP3601/comp3601/VHDL/musicplayer_v2/eppctrl.vhd sub00/vhpl37 1508366971
AR swingmodule behavioral //mac/home/Desktop/Study/COMP3601/comp3601/VHDL/musicplayer_v2/swingCounter.vhd sub00/vhpl29 1508366963
AR mux2to1_8b behavioral //mac/home/Desktop/Study/COMP3601/comp3601/VHDL/musicplayer_v2/mux2to1_8b.vhd sub00/vhpl33 1508366967
EN mux2to1_16b NULL //mac/home/Desktop/Study/COMP3601/comp3601/VHDL/musicplayer_v2/mux2to1_16b.vhd sub00/vhpl06 1507460611
AR sound_generator behavioral //mac/home/Desktop/Study/COMP3601/comp3601/VHDL/musicplayer_v2/sound_generator.vhd sub00/vhpl17 1508366981
AR note_timer behavioral //mac/home/Desktop/Study/COMP3601/comp3601/VHDL/musicplayer_v2/note_timer.vhd sub00/vhpl03 1508366953
EN register_16b NULL //mac/home/Desktop/Study/COMP3601/comp3601/VHDL/musicplayer_v2/register_16b.vhd sub00/vhpl04 1507460609
AR adder_8b behavioural //mac/home/Desktop/Study/COMP3601/comp3601/VHDL/musicplayer_v2/adder_8b.vhd sub00/vhpl35 1508366969
AR mux2to1_12b behavioral //mac/home/Desktop/Study/COMP3601/comp3601/VHDL/musicplayer_v2/mux2to1_12b.vhd sub00/vhpl15 1507460620
AR trysense behavioral //mac/home/Desktop/Study/COMP3601/comp3601/VHDL/musicplayer_v2/trySense.vhd sub00/vhpl25 1508366959
AR clock_divider behavioral //mac/home/Desktop/Study/COMP3601/comp3601/VHDL/musicplayer_v2/clock_divider.vhd sub00/vhpl01 1508366951
AR timermod behavioral //mac/home/Desktop/Study/COMP3601/comp3601/VHDL/musicplayer_v2/timer.vhd sub00/vhpl27 1508366961
AR bin2bcd behavioral //mac/home/Desktop/Study/COMP3601/comp3601/VHDL/musicplayer_v2/bin2bcd.vhd sub00/vhpl23 1508366957
AR register_8b behavioral //mac/home/Desktop/Study/COMP3601/comp3601/VHDL/musicplayer_v2/register_8b.vhd sub00/vhpl31 1508366965
EN sensorcomponent NULL //mac/home/Desktop/Study/COMP3601/comp3601/VHDL/musicplayer_v2/sensorComponent.vhd sub00/vhpl38 1508366976
EN clock_divider NULL //mac/home/Desktop/Study/COMP3601/comp3601/VHDL/musicplayer_v2/clock_divider.vhd sub00/vhpl00 1508366950
AR register_16b behavioral //mac/home/Desktop/Study/COMP3601/comp3601/VHDL/musicplayer_v2/register_16b.vhd sub00/vhpl05 1507460610
AR adder_16b behavioural //mac/home/Desktop/Study/COMP3601/comp3601/VHDL/musicplayer_v2/adder_16b.vhd sub00/vhpl09 1507460614
EN bin2bcd NULL //mac/home/Desktop/Study/COMP3601/comp3601/VHDL/musicplayer_v2/bin2bcd.vhd sub00/vhpl22 1508366956
EN register_8b NULL //mac/home/Desktop/Study/COMP3601/comp3601/VHDL/musicplayer_v2/register_8b.vhd sub00/vhpl30 1508366964
EN musicplayer_top NULL //mac/home/Desktop/Study/COMP3601/comp3601/VHDL/musicplayer_v2/musicplayer_top.vhd sub00/vhpl18 1508366982
EN memory NULL //mac/home/Desktop/Study/COMP3601/comp3601/VHDL/musicplayer_v2/memory.vhd sub00/vhpl10 1508366972
AR mux2to1_16b behavioral //mac/home/Desktop/Study/COMP3601/comp3601/VHDL/musicplayer_v2/mux2to1_16b.vhd sub00/vhpl07 1507460612
AR sevensegment my_sseg //mac/home/Desktop/Study/COMP3601/comp3601/VHDL/musicplayer_v2/SevenSegment.vhd sub00/vhpl21 1508366955
AR memory behavioral //mac/home/Desktop/Study/COMP3601/comp3601/VHDL/musicplayer_v2/memory.vhd sub00/vhpl11 1508366973
EN sound_generator NULL //mac/home/Desktop/Study/COMP3601/comp3601/VHDL/musicplayer_v2/sound_generator.vhd sub00/vhpl16 1508366980
EN eppctrl NULL //mac/home/Desktop/Study/COMP3601/comp3601/VHDL/musicplayer_v2/eppctrl.vhd sub00/vhpl36 1508366970
EN mux2to1_8b NULL //mac/home/Desktop/Study/COMP3601/comp3601/VHDL/musicplayer_v2/mux2to1_8b.vhd sub00/vhpl32 1508366966
AR sevenseg2 behavioral //mac/home/Desktop/Study/COMP3601/comp3601/VHDL/musicplayer_v2/sevenSeg2.vhd sub00/vhpl41 1508366979
AR musicplayer_top behavioral //mac/home/Desktop/Study/COMP3601/comp3601/VHDL/musicplayer_v2/musicplayer_top.vhd sub00/vhpl19 1508366983
EN swingmodule NULL //mac/home/Desktop/Study/COMP3601/comp3601/VHDL/musicplayer_v2/swingCounter.vhd sub00/vhpl28 1508366962
EN sevensegment NULL //mac/home/Desktop/Study/COMP3601/comp3601/VHDL/musicplayer_v2/SevenSegment.vhd sub00/vhpl20 1508366954
EN timermod NULL //mac/home/Desktop/Study/COMP3601/comp3601/VHDL/musicplayer_v2/timer.vhd sub00/vhpl26 1508366960
EN adder_16b NULL //mac/home/Desktop/Study/COMP3601/comp3601/VHDL/musicplayer_v2/adder_16b.vhd sub00/vhpl08 1507460613
EN note_timer NULL //mac/home/Desktop/Study/COMP3601/comp3601/VHDL/musicplayer_v2/note_timer.vhd sub00/vhpl02 1508366952
