EN mux2to1_12b NULL //mac/home/Desktop/Study/COMP3601/comp3601/VHDL/musicplayer_v2/mux2to1_12b.vhd sub00/vhpl14 1507460619
AR register_12b behavioral //mac/home/Desktop/Study/COMP3601/comp3601/VHDL/musicplayer_v2/register_12b.vhd sub00/vhpl13 1507460618
EN register_12b NULL //mac/home/Desktop/Study/COMP3601/comp3601/VHDL/musicplayer_v2/register_12b.vhd sub00/vhpl12 1507460617
EN mux2to1_16b NULL //mac/home/Desktop/Study/COMP3601/comp3601/VHDL/musicplayer_v2/mux2to1_16b.vhd sub00/vhpl06 1507460611
AR sound_generator behavioral //mac/home/Desktop/Study/COMP3601/comp3601/VHDL/musicplayer_v2/sound_generator.vhd sub00/vhpl17 1507460622
AR note_timer behavioral //mac/home/Desktop/Study/COMP3601/comp3601/VHDL/musicplayer_v2/note_timer.vhd sub00/vhpl03 1507460608
EN register_16b NULL //mac/home/Desktop/Study/COMP3601/comp3601/VHDL/musicplayer_v2/register_16b.vhd sub00/vhpl04 1507460609
AR mux2to1_12b behavioral //mac/home/Desktop/Study/COMP3601/comp3601/VHDL/musicplayer_v2/mux2to1_12b.vhd sub00/vhpl15 1507460620
AR clock_divider behavioral //mac/home/Desktop/Study/COMP3601/comp3601/VHDL/musicplayer_v2/clock_divider.vhd sub00/vhpl01 1507460606
EN clock_divider NULL //mac/home/Desktop/Study/COMP3601/comp3601/VHDL/musicplayer_v2/clock_divider.vhd sub00/vhpl00 1507460605
AR register_16b behavioral //mac/home/Desktop/Study/COMP3601/comp3601/VHDL/musicplayer_v2/register_16b.vhd sub00/vhpl05 1507460610
AR adder_16b behavioural //mac/home/Desktop/Study/COMP3601/comp3601/VHDL/musicplayer_v2/adder_16b.vhd sub00/vhpl09 1507460614
EN musicplayer_top NULL //mac/home/Desktop/Study/COMP3601/comp3601/VHDL/musicplayer_v2/musicplayer_top.vhd sub00/vhpl18 1507460623
EN memory NULL //mac/home/Desktop/Study/COMP3601/comp3601/VHDL/musicplayer_v2/memory.vhd sub00/vhpl10 1507460615
AR mux2to1_16b behavioral //mac/home/Desktop/Study/COMP3601/comp3601/VHDL/musicplayer_v2/mux2to1_16b.vhd sub00/vhpl07 1507460612
AR memory behavioral //mac/home/Desktop/Study/COMP3601/comp3601/VHDL/musicplayer_v2/memory.vhd sub00/vhpl11 1507460616
EN sound_generator NULL //mac/home/Desktop/Study/COMP3601/comp3601/VHDL/musicplayer_v2/sound_generator.vhd sub00/vhpl16 1507460621
AR musicplayer_top behavioral //mac/home/Desktop/Study/COMP3601/comp3601/VHDL/musicplayer_v2/musicplayer_top.vhd sub00/vhpl19 1507460624
EN adder_16b NULL //mac/home/Desktop/Study/COMP3601/comp3601/VHDL/musicplayer_v2/adder_16b.vhd sub00/vhpl08 1507460613
EN note_timer NULL //mac/home/Desktop/Study/COMP3601/comp3601/VHDL/musicplayer_v2/note_timer.vhd sub00/vhpl02 1507460607
