V3 79
FL //mac/home/Desktop/Study/COMP3601/comp3601/VHDL/musicplayer_v2/adder_16b.vhd 2017/10/08.21:52:23 P.20131013
EN work/adder_16b 1507460613 \
      FL //mac/home/Desktop/Study/COMP3601/comp3601/VHDL/musicplayer_v2/adder_16b.vhd \
      PB ieee/std_logic_1164 1381692176 PB ieee/std_logic_arith 1381692177 \
      PB ieee/STD_LOGIC_UNSIGNED 1381692179
AR work/adder_16b/behavioural 1507460614 \
      FL //mac/home/Desktop/Study/COMP3601/comp3601/VHDL/musicplayer_v2/adder_16b.vhd \
      EN work/adder_16b 1507460613
FL //mac/home/Desktop/Study/COMP3601/comp3601/VHDL/musicplayer_v2/adder_8b.vhd 2017/10/14.10:30:44 P.20131013
EN work/adder_8b 1508306294 \
      FL //mac/home/Desktop/Study/COMP3601/comp3601/VHDL/musicplayer_v2/adder_8b.vhd \
      PB ieee/std_logic_1164 1381692176 PB ieee/std_logic_arith 1381692177 \
      PB ieee/STD_LOGIC_UNSIGNED 1381692179
AR work/adder_8b/behavioural 1508306295 \
      FL //mac/home/Desktop/Study/COMP3601/comp3601/VHDL/musicplayer_v2/adder_8b.vhd \
      EN work/adder_8b 1508306294
FL //mac/home/Desktop/Study/COMP3601/comp3601/VHDL/musicplayer_v2/bin2bcd.vhd 2017/10/11.23:08:21 P.20131013
EN work/bin2bcd 1508306282 \
      FL //mac/home/Desktop/Study/COMP3601/comp3601/VHDL/musicplayer_v2/bin2bcd.vhd \
      PB ieee/std_logic_1164 1381692176 PB ieee/NUMERIC_STD 1381692181
AR work/bin2bcd/Behavioral 1508306283 \
      FL //mac/home/Desktop/Study/COMP3601/comp3601/VHDL/musicplayer_v2/bin2bcd.vhd \
      EN work/bin2bcd 1508306282
FL //mac/home/Desktop/Study/COMP3601/comp3601/VHDL/musicplayer_v2/clock_divider.vhd 2017/10/16.12:26:05 P.20131013
EN work/clock_divider 1508306276 \
      FL //mac/home/Desktop/Study/COMP3601/comp3601/VHDL/musicplayer_v2/clock_divider.vhd \
      PB ieee/std_logic_1164 1381692176 PB ieee/NUMERIC_STD 1381692181
AR work/clock_divider/Behavioral 1508306277 \
      FL //mac/home/Desktop/Study/COMP3601/comp3601/VHDL/musicplayer_v2/clock_divider.vhd \
      EN work/clock_divider 1508306276
FL //mac/home/Desktop/Study/COMP3601/comp3601/VHDL/musicplayer_v2/eppctrl.vhd 2017/10/14.10:30:44 P.20131013
EN work/eppctrl 1508306296 \
      FL //mac/home/Desktop/Study/COMP3601/comp3601/VHDL/musicplayer_v2/eppctrl.vhd \
      PB ieee/std_logic_1164 1381692176 PB ieee/std_logic_arith 1381692177 \
      PB ieee/STD_LOGIC_UNSIGNED 1381692179 PB ieee/NUMERIC_STD 1381692181
AR work/eppctrl/Behavioral 1508306297 \
      FL //mac/home/Desktop/Study/COMP3601/comp3601/VHDL/musicplayer_v2/eppctrl.vhd \
      EN work/eppctrl 1508306296
FL //mac/home/Desktop/Study/COMP3601/comp3601/VHDL/musicplayer_v2/memory.vhd 2017/10/18.16:57:50 P.20131013
EN work/memory 1508306298 \
      FL //mac/home/Desktop/Study/COMP3601/comp3601/VHDL/musicplayer_v2/memory.vhd \
      PB ieee/std_logic_1164 1381692176 PB ieee/NUMERIC_STD 1381692181
AR work/memory/behavioral 1508306299 \
      FL //mac/home/Desktop/Study/COMP3601/comp3601/VHDL/musicplayer_v2/memory.vhd \
      EN work/memory 1508306298
FL //mac/home/Desktop/Study/COMP3601/comp3601/VHDL/musicplayer_v2/musicplayer_top.vhd 2017/10/17.20:26:34 P.20131013
EN work/musicplayer_top 1508306308 \
      FL //mac/home/Desktop/Study/COMP3601/comp3601/VHDL/musicplayer_v2/musicplayer_top.vhd \
      PB ieee/std_logic_1164 1381692176 PB ieee/NUMERIC_STD 1381692181
AR work/musicplayer_top/Behavioral 1508306309 \
      FL //mac/home/Desktop/Study/COMP3601/comp3601/VHDL/musicplayer_v2/musicplayer_top.vhd \
      EN work/musicplayer_top 1508306308 CP register_8b CP mux2to1_8b CP adder_8b \
      CP eppctrl CP memory CP register_12b CP sensorComponent CP sevenSeg2 \
      CP sound_generator
FL //mac/home/Desktop/Study/COMP3601/comp3601/VHDL/musicplayer_v2/mux2to1_12b.vhd 2017/10/08.21:52:23 P.20131013
EN work/mux2to1_12b 1507460619 \
      FL //mac/home/Desktop/Study/COMP3601/comp3601/VHDL/musicplayer_v2/mux2to1_12b.vhd \
      PB ieee/std_logic_1164 1381692176
AR work/mux2to1_12b/Behavioral 1507460620 \
      FL //mac/home/Desktop/Study/COMP3601/comp3601/VHDL/musicplayer_v2/mux2to1_12b.vhd \
      EN work/mux2to1_12b 1507460619
FL //mac/home/Desktop/Study/COMP3601/comp3601/VHDL/musicplayer_v2/mux2to1_16b.vhd 2017/10/08.21:52:23 P.20131013
EN work/mux2to1_16b 1507460611 \
      FL //mac/home/Desktop/Study/COMP3601/comp3601/VHDL/musicplayer_v2/mux2to1_16b.vhd \
      PB ieee/std_logic_1164 1381692176
AR work/mux2to1_16b/Behavioral 1507460612 \
      FL //mac/home/Desktop/Study/COMP3601/comp3601/VHDL/musicplayer_v2/mux2to1_16b.vhd \
      EN work/mux2to1_16b 1507460611
FL //mac/home/Desktop/Study/COMP3601/comp3601/VHDL/musicplayer_v2/mux2to1_8b.vhd 2017/10/14.10:30:44 P.20131013
EN work/mux2to1_8b 1508306292 \
      FL //mac/home/Desktop/Study/COMP3601/comp3601/VHDL/musicplayer_v2/mux2to1_8b.vhd \
      PB ieee/std_logic_1164 1381692176
AR work/mux2to1_8b/Behavioral 1508306293 \
      FL //mac/home/Desktop/Study/COMP3601/comp3601/VHDL/musicplayer_v2/mux2to1_8b.vhd \
      EN work/mux2to1_8b 1508306292
FL //mac/home/Desktop/Study/COMP3601/comp3601/VHDL/musicplayer_v2/note_timer.vhd 2017/10/09.12:03:18 P.20131013
EN work/note_timer 1508306278 \
      FL //mac/home/Desktop/Study/COMP3601/comp3601/VHDL/musicplayer_v2/note_timer.vhd \
      PB ieee/std_logic_1164 1381692176 PB ieee/NUMERIC_STD 1381692181
AR work/note_timer/Behavioral 1508306279 \
      FL //mac/home/Desktop/Study/COMP3601/comp3601/VHDL/musicplayer_v2/note_timer.vhd \
      EN work/note_timer 1508306278
FL //mac/home/Desktop/Study/COMP3601/comp3601/VHDL/musicplayer_v2/register_12b.vhd 2017/10/09.12:03:18 P.20131013
EN work/register_12b 1508306300 \
      FL //mac/home/Desktop/Study/COMP3601/comp3601/VHDL/musicplayer_v2/register_12b.vhd \
      PB ieee/std_logic_1164 1381692176
AR work/register_12b/Behavioral 1508306301 \
      FL //mac/home/Desktop/Study/COMP3601/comp3601/VHDL/musicplayer_v2/register_12b.vhd \
      EN work/register_12b 1508306300
FL //mac/home/Desktop/Study/COMP3601/comp3601/VHDL/musicplayer_v2/register_16b.vhd 2017/10/08.21:52:23 P.20131013
EN work/register_16b 1507460609 \
      FL //mac/home/Desktop/Study/COMP3601/comp3601/VHDL/musicplayer_v2/register_16b.vhd \
      PB ieee/std_logic_1164 1381692176
AR work/register_16b/Behavioral 1507460610 \
      FL //mac/home/Desktop/Study/COMP3601/comp3601/VHDL/musicplayer_v2/register_16b.vhd \
      EN work/register_16b 1507460609
FL //mac/home/Desktop/Study/COMP3601/comp3601/VHDL/musicplayer_v2/register_8b.vhd 2017/10/14.10:30:44 P.20131013
EN work/register_8b 1508306290 \
      FL //mac/home/Desktop/Study/COMP3601/comp3601/VHDL/musicplayer_v2/register_8b.vhd \
      PB ieee/std_logic_1164 1381692176
AR work/register_8b/Behavioral 1508306291 \
      FL //mac/home/Desktop/Study/COMP3601/comp3601/VHDL/musicplayer_v2/register_8b.vhd \
      EN work/register_8b 1508306290
FL //mac/home/Desktop/Study/COMP3601/comp3601/VHDL/musicplayer_v2/sensorComponent.vhd 2017/10/13.13:17:22 P.20131013
EN work/sensorComponent 1508306302 \
      FL //mac/home/Desktop/Study/COMP3601/comp3601/VHDL/musicplayer_v2/sensorComponent.vhd \
      PB ieee/std_logic_1164 1381692176
AR work/sensorComponent/Behavioral 1508306303 \
      FL //mac/home/Desktop/Study/COMP3601/comp3601/VHDL/musicplayer_v2/sensorComponent.vhd \
      EN work/sensorComponent 1508306302 CP trySense CP timerMod CP swingmodule
FL //mac/home/Desktop/Study/COMP3601/comp3601/VHDL/musicplayer_v2/sevenSeg2.vhd 2017/10/13.13:17:22 P.20131013
EN work/sevenSeg2 1508306304 \
      FL //mac/home/Desktop/Study/COMP3601/comp3601/VHDL/musicplayer_v2/sevenSeg2.vhd \
      PB ieee/std_logic_1164 1381692176
AR work/sevenSeg2/Behavioral 1508306305 \
      FL //mac/home/Desktop/Study/COMP3601/comp3601/VHDL/musicplayer_v2/sevenSeg2.vhd \
      EN work/sevenSeg2 1508306304 CP SevenSegment CP bin2bcd
FL //mac/home/Desktop/Study/COMP3601/comp3601/VHDL/musicplayer_v2/SevenSegment.vhd 2017/10/13.13:17:22 P.20131013
EN work/SevenSegment 1508306280 \
      FL //mac/home/Desktop/Study/COMP3601/comp3601/VHDL/musicplayer_v2/SevenSegment.vhd \
      PB ieee/std_logic_1164 1381692176 PB ieee/std_logic_arith 1381692177 \
      PB ieee/STD_LOGIC_UNSIGNED 1381692179
AR work/SevenSegment/my_sseg 1508306281 \
      FL //mac/home/Desktop/Study/COMP3601/comp3601/VHDL/musicplayer_v2/SevenSegment.vhd \
      EN work/SevenSegment 1508306280
FL //mac/home/Desktop/Study/COMP3601/comp3601/VHDL/musicplayer_v2/sound_generator.vhd 2017/10/09.12:03:18 P.20131013
EN work/sound_generator 1508306306 \
      FL //mac/home/Desktop/Study/COMP3601/comp3601/VHDL/musicplayer_v2/sound_generator.vhd \
      PB ieee/std_logic_1164 1381692176
AR work/sound_generator/Behavioral 1508306307 \
      FL //mac/home/Desktop/Study/COMP3601/comp3601/VHDL/musicplayer_v2/sound_generator.vhd \
      EN work/sound_generator 1508306306 CP clock_divider CP note_timer
FL //mac/home/Desktop/Study/COMP3601/comp3601/VHDL/musicplayer_v2/swingCounter.vhd 2017/10/13.13:17:22 P.20131013
EN work/swingmodule 1508306288 \
      FL //mac/home/Desktop/Study/COMP3601/comp3601/VHDL/musicplayer_v2/swingCounter.vhd \
      PB ieee/std_logic_1164 1381692176 PB ieee/STD_LOGIC_UNSIGNED 1381692179 \
      PB ieee/std_logic_arith 1381692177
AR work/swingmodule/Behavioral 1508306289 \
      FL //mac/home/Desktop/Study/COMP3601/comp3601/VHDL/musicplayer_v2/swingCounter.vhd \
      EN work/swingmodule 1508306288
FL //mac/home/Desktop/Study/COMP3601/comp3601/VHDL/musicplayer_v2/timer.vhd 2017/10/13.13:17:22 P.20131013
EN work/timerMod 1508306286 \
      FL //mac/home/Desktop/Study/COMP3601/comp3601/VHDL/musicplayer_v2/timer.vhd \
      PB ieee/std_logic_1164 1381692176 PB ieee/NUMERIC_STD 1381692181 \
      PB ieee/std_logic_arith 1381692177
AR work/timerMod/Behavioral 1508306287 \
      FL //mac/home/Desktop/Study/COMP3601/comp3601/VHDL/musicplayer_v2/timer.vhd \
      EN work/timerMod 1508306286
FL //mac/home/Desktop/Study/COMP3601/comp3601/VHDL/musicplayer_v2/trySense.vhd 2017/10/13.13:17:22 P.20131013
EN work/trySense 1508306284 \
      FL //mac/home/Desktop/Study/COMP3601/comp3601/VHDL/musicplayer_v2/trySense.vhd \
      PB ieee/std_logic_1164 1381692176 PB ieee/STD_LOGIC_UNSIGNED 1381692179 \
      PB ieee/NUMERIC_STD 1381692181
AR work/trySense/Behavioral 1508306285 \
      FL //mac/home/Desktop/Study/COMP3601/comp3601/VHDL/musicplayer_v2/trySense.vhd \
      EN work/trySense 1508306284
